TAP version 14
# Subtest: formatSignInfoText accepts a valid getSign result and round-trips through the accessors
    ok 1 - should be equal
    ok 2 - should be equal
    ok 3 - should be equal
    ok 4 - should be equal
    ok 5 - should be equal
    ok 6 - should be equal
    ok 7 - should be equal
    1..7
ok 1 - formatSignInfoText accepts a valid getSign result and round-trips through the accessors # time=14.406ms

# Subtest: formatSignInfoText reports a waxed sign
    ok 1 - should be equal
    1..1
ok 2 - formatSignInfoText reports a waxed sign # time=1.282ms

# Subtest: formatSignInfoText rejects a result missing required top-level fields
    ok 1 - expected to throw
    ok 2 - expected to throw
    ok 3 - expected to throw
    1..3
ok 3 - formatSignInfoText rejects a result missing required top-level fields # time=1.871ms

# Subtest: formatSignInfoText rejects a face that is not exactly four lines
    ok 1 - expected to throw
    1..1
ok 4 - formatSignInfoText rejects a face that is not exactly four lines # time=0.933ms

# Subtest: formatSignInfoText rejects an unknown color token
    ok 1 - expected to throw
    1..1
ok 5 - formatSignInfoText rejects an unknown color token # time=0.934ms

# Subtest: formatSignInfoText accepts a hex color token
    ok 1 - expect to not throw
    1..1
ok 6 - formatSignInfoText accepts a hex color token # time=0.926ms

# Subtest: formatSignInfoText rejects an unknown decoration token
    ok 1 - expected to throw
    1..1
ok 7 - formatSignInfoText rejects an unknown decoration token # time=1.07ms

# Subtest: sign line accessors propagate an existing McRemote ErrorText without reinterpreting it
    ok 1 - should be equal
    ok 2 - should be equal
    ok 3 - should be equal
    ok 4 - should be equal
    1..4
ok 8 - sign line accessors propagate an existing McRemote ErrorText without reinterpreting it # time=1.545ms

# Subtest: sign line accessors return an ErrorText for a malformed SignInfoText input
    ok 1 - should be equal
    ok 2 - should be equal
    1..2
ok 9 - sign line accessors return an ErrorText for a malformed SignInfoText input # time=1.565ms

# Subtest: sign line accessors return an ErrorText for an invalid face or out-of-range line index
    ok 1 - should be equal
    ok 2 - should be equal
    ok 3 - should be equal
    ok 4 - should be equal
    1..4
ok 10 - sign line accessors return an ErrorText for an invalid face or out-of-range line index # time=1.707ms

# Subtest: FACES and DECORATIONS match the shared protocol fixture (mc-remote/tooling/fixtures/protocol/test/fixtures/sign-v23.json)
    ok 1 - should be equivalent
    ok 2 - should be equivalent
    ok 3 - sign.js decoration order is already alphabetical
    1..3
ok 11 - FACES and DECORATIONS match the shared protocol fixture (mc-remote/tooling/fixtures/protocol/test/fixtures/sign-v23.json) # time=4.102ms

# Subtest: formatSignInfoText accepts the shared B6-S03 world.getSign fixture result and round-trips
    ok 1 - should be equal
    ok 2 - should be equal
    ok 3 - should be equal
    ok 4 - should be equal
    ok 5 - should be equal
    ok 6 - B6-S03 fixture sign is waxed and must still be readable
    1..6
ok 12 - formatSignInfoText accepts the shared B6-S03 world.getSign fixture result and round-trips # time=1.748ms

# Subtest: formatSignInfoText normalizes the shared B6-S02 unsorted-decorations fixture case to canonical name order
    ok 1 - should be equal
    ok 2 - should be equal
    ok 3 - should be equal
    1..3
ok 13 - formatSignInfoText normalizes the shared B6-S02 unsorted-decorations fixture case to canonical name order # time=1.071ms

1..13
# { total: 37, pass: 37 }
# time=76.771ms
