
> minecraft-remote-tooling@0.1.0 build
> npm run build --workspaces


> @mc-remote/protocol@0.1.0 build
> tsc --project tsconfig.build.json && vite build

rolldown-vite v7.3.1 building client environment for production...
[2K
transforming...✓ 8 modules transformed.
rendering chunks...

[unplugin:dts] Start generate declaration files...
[unplugin:dts] Declaration files built in 790ms.

computing gzip size...
dist/protocol.js  4.57 kB │ gzip: 1.13 kB
✓ built in 847ms

> @mc-remote/bridge@0.1.0 build
> tsc --project tsconfig.build.json && vite build

rolldown-vite v7.3.1 building client environment for production...
[2K
transforming...[2K
transforming...✓ 8 modules transformed.
rendering chunks...
computing gzip size...
dist/index.js            0.33 kB │ gzip: 0.19 kB
dist/main.js             0.46 kB │ gzip: 0.29 kB
dist/config-BifYensG.js  7.59 kB │ gzip: 2.60 kB
✓ built in 117ms

> @mc-remote/live@0.1.0 build
> vite build && vite build --config vite.lib.config.js && tsc --project tsconfig.build.json

rolldown-vite v7.3.1 building client environment for production...
[2K
transforming...✓ 15 modules transformed.
rendering chunks...
computing gzip size...
dist/index.html                  0.67 kB │ gzip:  0.38 kB
dist/assets/index-Cyf0-Z5r.css   9.23 kB │ gzip:  2.53 kB
dist/assets/index-l-OCrrUC.js   66.28 kB │ gzip: 19.51 kB │ map: 200.72 kB
✓ built in 186ms
rolldown-vite v7.3.1 building client environment for production...
[2K
transforming...✓ 6 modules transformed.
rendering chunks...
computing gzip size...
dist/observer.js  38.68 kB │ gzip: 9.33 kB
✓ built in 62ms
